[finish first] timeout: sending signal TERM to command ‘cat’
[finish second] timeout: sending signal TERM to command ‘cat’
