[coreutils] coreutils echo hey! terminated with status code 0