Error: TOML parse error at line 1, column 1
  |
1 | 
  | ^
missing field `run`

