Error: no runs found in the config file or CLI arguments
