mode = "sequential"
workdir = "/Users/aymericbeaumet/Workspace/aymericbeaumet/run/tests/--print-config"

[run.echo]
cmd = [
    "echo",
    "ok",
]
tags = []

[tmux]
kill_duplicate_session = true
program = "tmux"
session_prefix = "run-"
socket_path = "/tmp/tmux.run.sock"

